// Jest Snapshot v1, https://goo.gl/fbAQLP

exports[`agendamento snapshot renderered correctly 1`] = `ShallowWrapper {}`;

exports[`agende snapshot renderered correctly 1`] = `ShallowWrapper {}`;

exports[`apresentacao snapshot renderered correctly 1`] = `ShallowWrapper {}`;

exports[`banner snapshot renderered correctly 1`] = `ShallowWrapper {}`;

exports[`buttonAgendeSessao snapshot renderered correctly 1`] = `ShallowWrapper {}`;

exports[`contact snapshot renderered correctly 1`] = `ShallowWrapper {}`;

exports[`fazemos snapshot renderered correctly 1`] = `ShallowWrapper {}`;

exports[`footer snapshot renderered correctly 1`] = `ShallowWrapper {}`;

exports[`header snapshot renderered correctly 1`] = `ShallowWrapper {}`;

exports[`header snapshot should render correctly 1`] = `
ShallowWrapper {
  Symbol(enzyme.__root__): [Circular],
  Symbol(enzyme.__unrendered__): <Header />,
  Symbol(enzyme.__renderer__): Object {
    "batchedUpdates": [Function],
    "checkPropTypes": [Function],
    "getNode": [Function],
    "render": [Function],
    "simulateError": [Function],
    "simulateEvent": [Function],
    "unmount": [Function],
  },
  Symbol(enzyme.__node__): Object {
    "instance": null,
    "key": undefined,
    "nodeType": "function",
    "props": Object {
      "bg": "light",
      "children": Array [
        <ForwardRef
          href="/"
        >
          <ForwardRef(render)
            alt="Aprova Coach"
            fluid={true}
            src=""
          />
        </ForwardRef>,
        <ForwardRef
          fluid={false}
        >
          <ForwardRef
            label="Toggle navigation"
          />
          <ForwardRef>
            <ForwardRef
              className="mr-auto"
              fill={false}
              justify={false}
            >
              <ForwardRef
                as={[Function]}
                disabled={false}
                href="#fazemos"
              >
                O que Fazemos
              </ForwardRef>
              <ForwardRef
                as={[Function]}
                disabled={false}
                href="#vantagens"
              >
                Vantagens
              </ForwardRef>
              <ForwardRef
                as={[Function]}
                disabled={false}
                href="#quemsou"
              >
                Quem Sou
              </ForwardRef>
              <ForwardRef
                as={[Function]}
                disabled={false}
                href="#depoimentos"
              >
                Depoimentos
              </ForwardRef>
              <ForwardRef
                as={[Function]}
                disabled={false}
                href="#contato"
              >
                Contato
              </ForwardRef>
            </ForwardRef>
            <ButtonAgendeSessao />
          </ForwardRef>
        </ForwardRef>,
      ],
      "collapseOnSelect": true,
      "expand": "lg",
      "sticky": "top",
      "variant": "light",
    },
    "ref": null,
    "rendered": Array [
      Object {
        "instance": null,
        "key": undefined,
        "nodeType": "function",
        "props": Object {
          "children": <ForwardRef(render)
            alt="Aprova Coach"
            fluid={true}
            src=""
          />,
          "href": "/",
        },
        "ref": null,
        "rendered": Object {
          "instance": null,
          "key": undefined,
          "nodeType": "function",
          "props": Object {
            "alt": "Aprova Coach",
            "fluid": true,
            "src": "",
          },
          "ref": null,
          "rendered": null,
          "type": Object {
            "$$typeof": Symbol(react.forward_ref),
            "defaultProps": undefined,
            "displayName": "Bootstrap(Image)",
            "propTypes": undefined,
            "render": [Function],
          },
        },
        "type": Object {
          "$$typeof": Symbol(react.forward_ref),
          "displayName": "NavbarBrand",
          "render": [Function],
        },
      },
      Object {
        "instance": null,
        "key": undefined,
        "nodeType": "function",
        "props": Object {
          "children": Array [
            <ForwardRef
              label="Toggle navigation"
            />,
            <ForwardRef>
              <ForwardRef
                className="mr-auto"
                fill={false}
                justify={false}
              >
                <ForwardRef
                  as={[Function]}
                  disabled={false}
                  href="#fazemos"
                >
                  O que Fazemos
                </ForwardRef>
                <ForwardRef
                  as={[Function]}
                  disabled={false}
                  href="#vantagens"
                >
                  Vantagens
                </ForwardRef>
                <ForwardRef
                  as={[Function]}
                  disabled={false}
                  href="#quemsou"
                >
                  Quem Sou
                </ForwardRef>
                <ForwardRef
                  as={[Function]}
                  disabled={false}
                  href="#depoimentos"
                >
                  Depoimentos
                </ForwardRef>
                <ForwardRef
                  as={[Function]}
                  disabled={false}
                  href="#contato"
                >
                  Contato
                </ForwardRef>
              </ForwardRef>
              <ButtonAgendeSessao />
            </ForwardRef>,
          ],
          "fluid": false,
        },
        "ref": null,
        "rendered": Array [
          Object {
            "instance": null,
            "key": undefined,
            "nodeType": "function",
            "props": Object {
              "label": "Toggle navigation",
            },
            "ref": null,
            "rendered": null,
            "type": Object {
              "$$typeof": Symbol(react.forward_ref),
              "defaultProps": Object {
                "label": "Toggle navigation",
              },
              "displayName": "NavbarToggle",
              "render": [Function],
            },
          },
          Object {
            "instance": null,
            "key": undefined,
            "nodeType": "function",
            "props": Object {
              "children": Array [
                <ForwardRef
                  className="mr-auto"
                  fill={false}
                  justify={false}
                >
                  <ForwardRef
                    as={[Function]}
                    disabled={false}
                    href="#fazemos"
                  >
                    O que Fazemos
                  </ForwardRef>
                  <ForwardRef
                    as={[Function]}
                    disabled={false}
                    href="#vantagens"
                  >
                    Vantagens
                  </ForwardRef>
                  <ForwardRef
                    as={[Function]}
                    disabled={false}
                    href="#quemsou"
                  >
                    Quem Sou
                  </ForwardRef>
                  <ForwardRef
                    as={[Function]}
                    disabled={false}
                    href="#depoimentos"
                  >
                    Depoimentos
                  </ForwardRef>
                  <ForwardRef
                    as={[Function]}
                    disabled={false}
                    href="#contato"
                  >
                    Contato
                  </ForwardRef>
                </ForwardRef>,
                <ButtonAgendeSessao />,
              ],
            },
            "ref": null,
            "rendered": Array [
              Object {
                "instance": null,
                "key": undefined,
                "nodeType": "function",
                "props": Object {
                  "children": Array [
                    <ForwardRef
                      as={[Function]}
                      disabled={false}
                      href="#fazemos"
                    >
                      O que Fazemos
                    </ForwardRef>,
                    <ForwardRef
                      as={[Function]}
                      disabled={false}
                      href="#vantagens"
                    >
                      Vantagens
                    </ForwardRef>,
                    <ForwardRef
                      as={[Function]}
                      disabled={false}
                      href="#quemsou"
                    >
                      Quem Sou
                    </ForwardRef>,
                    <ForwardRef
                      as={[Function]}
                      disabled={false}
                      href="#depoimentos"
                    >
                      Depoimentos
                    </ForwardRef>,
                    <ForwardRef
                      as={[Function]}
                      disabled={false}
                      href="#contato"
                    >
                      Contato
                    </ForwardRef>,
                  ],
                  "className": "mr-auto",
                  "fill": false,
                  "justify": false,
                },
                "ref": null,
                "rendered": Array [
                  Object {
                    "instance": null,
                    "key": undefined,
                    "nodeType": "function",
                    "props": Object {
                      "as": [Function],
                      "children": "O que Fazemos",
                      "disabled": false,
                      "href": "#fazemos",
                    },
                    "ref": null,
                    "rendered": "O que Fazemos",
                    "type": Object {
                      "$$typeof": Symbol(react.forward_ref),
                      "defaultProps": Object {
                        "as": [Function],
                        "disabled": false,
                      },
                      "displayName": "NavLink",
                      "render": [Function],
                    },
                  },
                  Object {
                    "instance": null,
                    "key": undefined,
                    "nodeType": "function",
                    "props": Object {
                      "as": [Function],
                      "children": "Vantagens",
                      "disabled": false,
                      "href": "#vantagens",
                    },
                    "ref": null,
                    "rendered": "Vantagens",
                    "type": Object {
                      "$$typeof": Symbol(react.forward_ref),
                      "defaultProps": Object {
                        "as": [Function],
                        "disabled": false,
                      },
                      "displayName": "NavLink",
                      "render": [Function],
                    },
                  },
                  Object {
                    "instance": null,
                    "key": undefined,
                    "nodeType": "function",
                    "props": Object {
                      "as": [Function],
                      "children": "Quem Sou",
                      "disabled": false,
                      "href": "#quemsou",
                    },
                    "ref": null,
                    "rendered": "Quem Sou",
                    "type": Object {
                      "$$typeof": Symbol(react.forward_ref),
                      "defaultProps": Object {
                        "as": [Function],
                        "disabled": false,
                      },
                      "displayName": "NavLink",
                      "render": [Function],
                    },
                  },
                  Object {
                    "instance": null,
                    "key": undefined,
                    "nodeType": "function",
                    "props": Object {
                      "as": [Function],
                      "children": "Depoimentos",
                      "disabled": false,
                      "href": "#depoimentos",
                    },
                    "ref": null,
                    "rendered": "Depoimentos",
                    "type": Object {
                      "$$typeof": Symbol(react.forward_ref),
                      "defaultProps": Object {
                        "as": [Function],
                        "disabled": false,
                      },
                      "displayName": "NavLink",
                      "render": [Function],
                    },
                  },
                  Object {
                    "instance": null,
                    "key": undefined,
                    "nodeType": "function",
                    "props": Object {
                      "as": [Function],
                      "children": "Contato",
                      "disabled": false,
                      "href": "#contato",
                    },
                    "ref": null,
                    "rendered": "Contato",
                    "type": Object {
                      "$$typeof": Symbol(react.forward_ref),
                      "defaultProps": Object {
                        "as": [Function],
                        "disabled": false,
                      },
                      "displayName": "NavLink",
                      "render": [Function],
                    },
                  },
                ],
                "type": Object {
                  "$$typeof": Symbol(react.forward_ref),
                  "Item": Object {
                    "$$typeof": Symbol(react.forward_ref),
                    "displayName": "NavItem",
                    "render": [Function],
                  },
                  "Link": Object {
                    "$$typeof": Symbol(react.forward_ref),
                    "defaultProps": Object {
                      "as": [Function],
                      "disabled": false,
                    },
                    "displayName": "NavLink",
                    "render": [Function],
                  },
                  "_Nav": [Circular],
                  "defaultProps": Object {
                    "fill": false,
                    "justify": false,
                  },
                  "displayName": "Nav",
                  "render": [Function],
                },
              },
              Object {
                "instance": null,
                "key": undefined,
                "nodeType": "function",
                "props": Object {},
                "ref": null,
                "rendered": null,
                "type": [Function],
              },
            ],
            "type": Object {
              "$$typeof": Symbol(react.forward_ref),
              "displayName": "NavbarCollapse",
              "render": [Function],
            },
          },
        ],
        "type": Object {
          "$$typeof": Symbol(react.forward_ref),
          "defaultProps": Object {
            "fluid": false,
          },
          "displayName": "Container",
          "render": [Function],
        },
      },
    ],
    "type": Object {
      "$$typeof": Symbol(react.forward_ref),
      "Brand": Object {
        "$$typeof": Symbol(react.forward_ref),
        "displayName": "NavbarBrand",
        "render": [Function],
      },
      "Collapse": Object {
        "$$typeof": Symbol(react.forward_ref),
        "displayName": "NavbarCollapse",
        "render": [Function],
      },
      "Text": Object {
        "$$typeof": Symbol(react.forward_ref),
        "defaultProps": undefined,
        "displayName": "NavbarText",
        "render": [Function],
      },
      "Toggle": Object {
        "$$typeof": Symbol(react.forward_ref),
        "defaultProps": Object {
          "label": "Toggle navigation",
        },
        "displayName": "NavbarToggle",
        "render": [Function],
      },
      "defaultProps": undefined,
      "displayName": "Bootstrap(undefined)",
      "propTypes": undefined,
      "render": [Function],
    },
  },
  Symbol(enzyme.__nodes__): Array [
    Object {
      "instance": null,
      "key": undefined,
      "nodeType": "function",
      "props": Object {
        "bg": "light",
        "children": Array [
          <ForwardRef
            href="/"
          >
            <ForwardRef(render)
              alt="Aprova Coach"
              fluid={true}
              src=""
            />
          </ForwardRef>,
          <ForwardRef
            fluid={false}
          >
            <ForwardRef
              label="Toggle navigation"
            />
            <ForwardRef>
              <ForwardRef
                className="mr-auto"
                fill={false}
                justify={false}
              >
                <ForwardRef
                  as={[Function]}
                  disabled={false}
                  href="#fazemos"
                >
                  O que Fazemos
                </ForwardRef>
                <ForwardRef
                  as={[Function]}
                  disabled={false}
                  href="#vantagens"
                >
                  Vantagens
                </ForwardRef>
                <ForwardRef
                  as={[Function]}
                  disabled={false}
                  href="#quemsou"
                >
                  Quem Sou
                </ForwardRef>
                <ForwardRef
                  as={[Function]}
                  disabled={false}
                  href="#depoimentos"
                >
                  Depoimentos
                </ForwardRef>
                <ForwardRef
                  as={[Function]}
                  disabled={false}
                  href="#contato"
                >
                  Contato
                </ForwardRef>
              </ForwardRef>
              <ButtonAgendeSessao />
            </ForwardRef>
          </ForwardRef>,
        ],
        "collapseOnSelect": true,
        "expand": "lg",
        "sticky": "top",
        "variant": "light",
      },
      "ref": null,
      "rendered": Array [
        Object {
          "instance": null,
          "key": undefined,
          "nodeType": "function",
          "props": Object {
            "children": <ForwardRef(render)
              alt="Aprova Coach"
              fluid={true}
              src=""
            />,
            "href": "/",
          },
          "ref": null,
          "rendered": Object {
            "instance": null,
            "key": undefined,
            "nodeType": "function",
            "props": Object {
              "alt": "Aprova Coach",
              "fluid": true,
              "src": "",
            },
            "ref": null,
            "rendered": null,
            "type": Object {
              "$$typeof": Symbol(react.forward_ref),
              "defaultProps": undefined,
              "displayName": "Bootstrap(Image)",
              "propTypes": undefined,
              "render": [Function],
            },
          },
          "type": Object {
            "$$typeof": Symbol(react.forward_ref),
            "displayName": "NavbarBrand",
            "render": [Function],
          },
        },
        Object {
          "instance": null,
          "key": undefined,
          "nodeType": "function",
          "props": Object {
            "children": Array [
              <ForwardRef
                label="Toggle navigation"
              />,
              <ForwardRef>
                <ForwardRef
                  className="mr-auto"
                  fill={false}
                  justify={false}
                >
                  <ForwardRef
                    as={[Function]}
                    disabled={false}
                    href="#fazemos"
                  >
                    O que Fazemos
                  </ForwardRef>
                  <ForwardRef
                    as={[Function]}
                    disabled={false}
                    href="#vantagens"
                  >
                    Vantagens
                  </ForwardRef>
                  <ForwardRef
                    as={[Function]}
                    disabled={false}
                    href="#quemsou"
                  >
                    Quem Sou
                  </ForwardRef>
                  <ForwardRef
                    as={[Function]}
                    disabled={false}
                    href="#depoimentos"
                  >
                    Depoimentos
                  </ForwardRef>
                  <ForwardRef
                    as={[Function]}
                    disabled={false}
                    href="#contato"
                  >
                    Contato
                  </ForwardRef>
                </ForwardRef>
                <ButtonAgendeSessao />
              </ForwardRef>,
            ],
            "fluid": false,
          },
          "ref": null,
          "rendered": Array [
            Object {
              "instance": null,
              "key": undefined,
              "nodeType": "function",
              "props": Object {
                "label": "Toggle navigation",
              },
              "ref": null,
              "rendered": null,
              "type": Object {
                "$$typeof": Symbol(react.forward_ref),
                "defaultProps": Object {
                  "label": "Toggle navigation",
                },
                "displayName": "NavbarToggle",
                "render": [Function],
              },
            },
            Object {
              "instance": null,
              "key": undefined,
              "nodeType": "function",
              "props": Object {
                "children": Array [
                  <ForwardRef
                    className="mr-auto"
                    fill={false}
                    justify={false}
                  >
                    <ForwardRef
                      as={[Function]}
                      disabled={false}
                      href="#fazemos"
                    >
                      O que Fazemos
                    </ForwardRef>
                    <ForwardRef
                      as={[Function]}
                      disabled={false}
                      href="#vantagens"
                    >
                      Vantagens
                    </ForwardRef>
                    <ForwardRef
                      as={[Function]}
                      disabled={false}
                      href="#quemsou"
                    >
                      Quem Sou
                    </ForwardRef>
                    <ForwardRef
                      as={[Function]}
                      disabled={false}
                      href="#depoimentos"
                    >
                      Depoimentos
                    </ForwardRef>
                    <ForwardRef
                      as={[Function]}
                      disabled={false}
                      href="#contato"
                    >
                      Contato
                    </ForwardRef>
                  </ForwardRef>,
                  <ButtonAgendeSessao />,
                ],
              },
              "ref": null,
              "rendered": Array [
                Object {
                  "instance": null,
                  "key": undefined,
                  "nodeType": "function",
                  "props": Object {
                    "children": Array [
                      <ForwardRef
                        as={[Function]}
                        disabled={false}
                        href="#fazemos"
                      >
                        O que Fazemos
                      </ForwardRef>,
                      <ForwardRef
                        as={[Function]}
                        disabled={false}
                        href="#vantagens"
                      >
                        Vantagens
                      </ForwardRef>,
                      <ForwardRef
                        as={[Function]}
                        disabled={false}
                        href="#quemsou"
                      >
                        Quem Sou
                      </ForwardRef>,
                      <ForwardRef
                        as={[Function]}
                        disabled={false}
                        href="#depoimentos"
                      >
                        Depoimentos
                      </ForwardRef>,
                      <ForwardRef
                        as={[Function]}
                        disabled={false}
                        href="#contato"
                      >
                        Contato
                      </ForwardRef>,
                    ],
                    "className": "mr-auto",
                    "fill": false,
                    "justify": false,
                  },
                  "ref": null,
                  "rendered": Array [
                    Object {
                      "instance": null,
                      "key": undefined,
                      "nodeType": "function",
                      "props": Object {
                        "as": [Function],
                        "children": "O que Fazemos",
                        "disabled": false,
                        "href": "#fazemos",
                      },
                      "ref": null,
                      "rendered": "O que Fazemos",
                      "type": Object {
                        "$$typeof": Symbol(react.forward_ref),
                        "defaultProps": Object {
                          "as": [Function],
                          "disabled": false,
                        },
                        "displayName": "NavLink",
                        "render": [Function],
                      },
                    },
                    Object {
                      "instance": null,
                      "key": undefined,
                      "nodeType": "function",
                      "props": Object {
                        "as": [Function],
                        "children": "Vantagens",
                        "disabled": false,
                        "href": "#vantagens",
                      },
                      "ref": null,
                      "rendered": "Vantagens",
                      "type": Object {
                        "$$typeof": Symbol(react.forward_ref),
                        "defaultProps": Object {
                          "as": [Function],
                          "disabled": false,
                        },
                        "displayName": "NavLink",
                        "render": [Function],
                      },
                    },
                    Object {
                      "instance": null,
                      "key": undefined,
                      "nodeType": "function",
                      "props": Object {
                        "as": [Function],
                        "children": "Quem Sou",
                        "disabled": false,
                        "href": "#quemsou",
                      },
                      "ref": null,
                      "rendered": "Quem Sou",
                      "type": Object {
                        "$$typeof": Symbol(react.forward_ref),
                        "defaultProps": Object {
                          "as": [Function],
                          "disabled": false,
                        },
                        "displayName": "NavLink",
                        "render": [Function],
                      },
                    },
                    Object {
                      "instance": null,
                      "key": undefined,
                      "nodeType": "function",
                      "props": Object {
                        "as": [Function],
                        "children": "Depoimentos",
                        "disabled": false,
                        "href": "#depoimentos",
                      },
                      "ref": null,
                      "rendered": "Depoimentos",
                      "type": Object {
                        "$$typeof": Symbol(react.forward_ref),
                        "defaultProps": Object {
                          "as": [Function],
                          "disabled": false,
                        },
                        "displayName": "NavLink",
                        "render": [Function],
                      },
                    },
                    Object {
                      "instance": null,
                      "key": undefined,
                      "nodeType": "function",
                      "props": Object {
                        "as": [Function],
                        "children": "Contato",
                        "disabled": false,
                        "href": "#contato",
                      },
                      "ref": null,
                      "rendered": "Contato",
                      "type": Object {
                        "$$typeof": Symbol(react.forward_ref),
                        "defaultProps": Object {
                          "as": [Function],
                          "disabled": false,
                        },
                        "displayName": "NavLink",
                        "render": [Function],
                      },
                    },
                  ],
                  "type": Object {
                    "$$typeof": Symbol(react.forward_ref),
                    "Item": Object {
                      "$$typeof": Symbol(react.forward_ref),
                      "displayName": "NavItem",
                      "render": [Function],
                    },
                    "Link": Object {
                      "$$typeof": Symbol(react.forward_ref),
                      "defaultProps": Object {
                        "as": [Function],
                        "disabled": false,
                      },
                      "displayName": "NavLink",
                      "render": [Function],
                    },
                    "_Nav": [Circular],
                    "defaultProps": Object {
                      "fill": false,
                      "justify": false,
                    },
                    "displayName": "Nav",
                    "render": [Function],
                  },
                },
                Object {
                  "instance": null,
                  "key": undefined,
                  "nodeType": "function",
                  "props": Object {},
                  "ref": null,
                  "rendered": null,
                  "type": [Function],
                },
              ],
              "type": Object {
                "$$typeof": Symbol(react.forward_ref),
                "displayName": "NavbarCollapse",
                "render": [Function],
              },
            },
          ],
          "type": Object {
            "$$typeof": Symbol(react.forward_ref),
            "defaultProps": Object {
              "fluid": false,
            },
            "displayName": "Container",
            "render": [Function],
          },
        },
      ],
      "type": Object {
        "$$typeof": Symbol(react.forward_ref),
        "Brand": Object {
          "$$typeof": Symbol(react.forward_ref),
          "displayName": "NavbarBrand",
          "render": [Function],
        },
        "Collapse": Object {
          "$$typeof": Symbol(react.forward_ref),
          "displayName": "NavbarCollapse",
          "render": [Function],
        },
        "Text": Object {
          "$$typeof": Symbol(react.forward_ref),
          "defaultProps": undefined,
          "displayName": "NavbarText",
          "render": [Function],
        },
        "Toggle": Object {
          "$$typeof": Symbol(react.forward_ref),
          "defaultProps": Object {
            "label": "Toggle navigation",
          },
          "displayName": "NavbarToggle",
          "render": [Function],
        },
        "defaultProps": undefined,
        "displayName": "Bootstrap(undefined)",
        "propTypes": undefined,
        "render": [Function],
      },
    },
  ],
  Symbol(enzyme.__options__): Object {
    "adapter": ReactSixteenAdapter {
      "options": Object {
        "enableComponentDidUpdateOnSetState": true,
        "legacyContextMode": "parent",
        "lifecycles": Object {
          "componentDidUpdate": Object {
            "onSetState": true,
          },
          "getChildContext": Object {
            "calledByRenderer": false,
          },
          "getDerivedStateFromError": true,
          "getDerivedStateFromProps": Object {
            "hasShouldComponentUpdateBug": false,
          },
          "getSnapshotBeforeUpdate": true,
          "setState": Object {
            "skipsComponentDidUpdateOnNullish": true,
          },
        },
      },
    },
    Symbol(enzyme.__providerValues__): undefined,
  },
  Symbol(enzyme.__providerValues__): Map {},
}
`;

exports[`metodologia snapshot renderered correctly 1`] = `ShallowWrapper {}`;

exports[`testimonial videos snapshot renderered correctly 1`] = `ShallowWrapper {}`;

exports[`testimonials snapshot renderered correctly 1`] = `ShallowWrapper {}`;
